// Jest Snapshot v1, https://goo.gl/fbAQLP

exports[`App.vue Should match snapshot 1`] = `
<div id="app">
  <link rel="stylesheet" href="https://use.fontawesome.com/releases/v5.2.0/css/all.css" integrity="sha384-hWVjflwFxL6sNzntih27bfxkr27PmbbK/iSvJ+a4+0owXq79v+lsFkW54bOGbiDQ" crossorigin="anonymous">
  <!---->
  <!---->
  <footer>
    FEITO COM ❤️ PELA LOOK STEALER LETICIA FARIA
  </footer>
</div>
`;
